// Jest Snapshot v1, https://goo.gl/fbAQLP

exports[`<Checkbox /> should match the snapshot 1`] = `
<div
  className="c-checkbox"
>
  <input
    checked={false}
    className="checkbox__input"
    disabled={false}
    name="accept"
    type="checkbox"
  />
  <label
    className="checkbox__label"
    htmlFor="accept"
  >
    Checkbox label
  </label>
</div>
`;
