// Jest Snapshot v1, https://goo.gl/fbAQLP

exports[`Counter component should match the snapshot 1`] = `
<Counter>
  <div>
    <p>
      You clicked
       
      0
       
      times
    </p>
    <button
      data-testid="incrementButton"
      onClick={[Function]}
      type="button"
    >
      Click me
    </button>
  </div>
</Counter>
`;
